[ootsi.de/index.html]
[backblue.gif]
[fade.gif]
[index.html]
[madebyslurpp.com/ootside/wp-content/themes/ootside/Ootside-MindYerBunnet-1200x630-FB.png]
[www.google-analytics.com/analytics.js]
[ootsi.de/wp-content/themes/ootside/assets/js/jquery.min.js]
[ootsi.de/wp-content/themes/ootside/assets/js/jquery.geocomplete.min.js]
[ootsi.de/wp-content/themes/ootside/assets/js/lines.js]
[ootsi.de/wp-content/themes/ootside/assets/js/demo-locations.js]
[cdnjs.cloudflare.com/ajax/libs/underscore.js/1.8.3/underscore-min.js]
[ootsi.de/wp-content/themes/ootside/assets/js/mockData.js]
[ootsi.de/wp-content/themes/ootside/assets/js/main.js]
[ootsi.de/wp-content/themes/ootside/assets/css/main.css]
[ootsi.de/wp-content/themes/ootside/assets/imgs/logo.png]
[maxcdn.bootstrapcdn.com/font-awesome/4.4.0/css/font-awesome.min.css]
[ootsi.de/index.html]
[ootsi.de/wp-content/themes/ootside/assets/js/jquery.min.js]
[ootsi.de/wp-content/themes/ootside/assets/js/jquery.geocomplete.min.js]
[ootsi.de/wp-content/themes/ootside/assets/js/lines.js]
[ootsi.de/wp-content/themes/ootside/assets/js/demo-locations.js]
[ootsi.de/wp-content/themes/ootside/assets/js/mockData.js]
[ootsi.de/wp-content/themes/ootside/assets/js/main.js]
[ootsi.de/wp-content/themes/ootside/assets/css/animate.css]
[madebyslurpp.com/ootside/wp-content/themes/ootside/assets/images/Ootside-loader.gif]
[ootsi.de/wp-content/themes/ootside/assets/fonts/TheWeather336f.eot]
[ootsi.de/wp-content/themes/ootside/assets/fonts/TheWeatherd41d.eot]
[ootsi.de/wp-content/themes/ootside/assets/fonts/TheWeather336f.ttf]
[ootsi.de/wp-content/themes/ootside/assets/fonts/TheWeather336f.woff]
[ootsi.de/wp-content/themes/ootside/assets/fonts/panton-lightcaps-webfont.eot]
[ootsi.de/wp-content/themes/ootside/assets/fonts/panton-lightcaps-webfontd41d.eot]
[ootsi.de/wp-content/themes/ootside/assets/fonts/panton-lightcaps-webfont.woff]
[ootsi.de/wp-content/themes/ootside/assets/fonts/panton-lightcaps-webfont.ttf]
[ootsi.de/wp-content/themes/ootside/assets/fonts/panton-blackcaps-webfont.eot]
[ootsi.de/wp-content/themes/ootside/assets/fonts/panton-blackcaps-webfontd41d.eot]
[ootsi.de/wp-content/themes/ootside/assets/fonts/panton-blackcaps-webfont.woff]
[ootsi.de/wp-content/themes/ootside/assets/fonts/panton-blackcaps-webfont.ttf]
[ootsi.de/wp-content/themes/ootside/assets/css/main.css]
[maxcdn.bootstrapcdn.com/font-awesome/4.4.0/css/font-awesome.min.css]
[ootsi.de/wp-content/themes/ootside/assets/css/animate.css]
[ootsi.de/wp-content/themes/ootside/assets/fonts/TheWeather336f.svg]
[ootsi.de/wp-content/themes/ootside/assets/fonts/panton-lightcaps-webfont.html]
[ootsi.de/wp-content/themes/ootside/assets/fonts/panton-lightcaps-webfont.svg]
[ootsi.de/wp-content/themes/ootside/assets/fonts/panton-blackcaps-webfont.html]
[ootsi.de/wp-content/themes/ootside/assets/fonts/panton-blackcaps-webfont.svg]
[ootsi.de/wp-content/themes/ootside/assets/css/panton-lightcaps-webfont.html]
[ootsi.de/wp-content/themes/ootside/assets/css/panton-lightcaps-webfontd41d.html]
[ootsi.de/wp-content/themes/ootside/assets/css/panton-lightcaps-webfont-2.html]
[ootsi.de/wp-content/themes/ootside/assets/css/panton-lightcaps-webfont-3.html]
[ootsi.de/wp-content/themes/ootside/assets/css/panton-lightcaps-webfont-4.html]
[ootsi.de/wp-content/themes/ootside/assets/css/panton-lightcaps-webfont-5.html]
